// Jest Snapshot v1, https://goo.gl/fbAQLP

exports[`dead-code-string 1`] = `
"'use strict';

var React = require('react');

var Foo = function Foo(props) {
  return React.createElement('div', null);
};
Foo.propTypes = __PROD__ ? null : {
  x: require('prop-types').string.isRequired
};"
`;
