// Jest Snapshot v1, https://goo.gl/fbAQLP

exports[`export-non-object-types 1`] = `
"\\"use strict\\";

var babelPluginFlowReactPropTypes_proptype_Answer = require(\\"prop-types\\").oneOf([\\"Yes\\", \\"No\\"]);

if (typeof exports !== \\"undefined\\") Object.defineProperty(exports, \\"babelPluginFlowReactPropTypes_proptype_Answer\\", {
  value: babelPluginFlowReactPropTypes_proptype_Answer,
  configurable: true,
  enumerable: true
});"
`;
