// Jest Snapshot v1, https://goo.gl/fbAQLP

exports[`export-intersection-type 1`] = `
"'use strict';

Object.defineProperty(exports, \\"__esModule\\", {
  value: true
});

function _classCallCheck(instance, Constructor) { if (!(instance instanceof Constructor)) { throw new TypeError(\\"Cannot call a class as a function\\"); } }

function _possibleConstructorReturn(self, call) { if (!self) { throw new ReferenceError(\\"this hasn't been initialised - super() hasn't been called\\"); } return call && (typeof call === \\"object\\" || typeof call === \\"function\\") ? call : self; }

function _inherits(subClass, superClass) { if (typeof superClass !== \\"function\\" && superClass !== null) { throw new TypeError(\\"Super expression must either be null or a function, not \\" + typeof superClass); } subClass.prototype = Object.create(superClass && superClass.prototype, { constructor: { value: subClass, enumerable: false, writable: true, configurable: true } }); if (superClass) Object.setPrototypeOf ? Object.setPrototypeOf(subClass, superClass) : subClass.__proto__ = superClass; }

var React = require('react');

var babelPluginFlowReactPropTypes_proptype_V = {
  foo: require('prop-types').string.isRequired,
  bar: require('prop-types').string.isRequired
};
if (typeof exports !== 'undefined') Object.defineProperty(exports, 'babelPluginFlowReactPropTypes_proptype_V', {
  value: babelPluginFlowReactPropTypes_proptype_V,
  configurable: true,
  enumerable: true
});

var C = function (_React$Component) {
  _inherits(C, _React$Component);

  function C() {
    _classCallCheck(this, C);

    return _possibleConstructorReturn(this, (C.__proto__ || Object.getPrototypeOf(C)).apply(this, arguments));
  }

  return C;
}(React.Component);

C.propTypes = {
  foo: require('prop-types').string.isRequired,
  bar: require('prop-types').string.isRequired
};
exports.default = C;"
`;
