// Jest Snapshot v1, https://goo.gl/fbAQLP

exports[`export-object 1`] = `
"'use strict';

var babelPluginFlowReactPropTypes_proptype_Foo = {
  a_string: require('prop-types').string.isRequired
};
if (typeof exports !== 'undefined') Object.defineProperty(exports, 'babelPluginFlowReactPropTypes_proptype_Foo', {
  value: babelPluginFlowReactPropTypes_proptype_Foo,
  configurable: true
});


console.log('test');"
`;
