// Jest Snapshot v1, https://goo.gl/fbAQLP

exports[`function-with-type-annotation 1`] = `
"\\"use strict\\";

var C = function C(props) {};
C.propTypes = {
  name: require(\\"prop-types\\").string.isRequired
};"
`;
