// Jest Snapshot v1, https://goo.gl/fbAQLP

exports[`generic-array 1`] = `
"'use strict';

Object.defineProperty(exports, \\"__esModule\\", {
  value: true
});

var _react = require('react');

var _react2 = _interopRequireDefault(_react);

var _propTypes = require('prop-types');

var _propTypes2 = _interopRequireDefault(_propTypes);

function _interopRequireDefault(obj) { return obj && obj.__esModule ? obj : { default: obj }; }

function _classCallCheck(instance, Constructor) { if (!(instance instanceof Constructor)) { throw new TypeError(\\"Cannot call a class as a function\\"); } }

function _possibleConstructorReturn(self, call) { if (!self) { throw new ReferenceError(\\"this hasn't been initialised - super() hasn't been called\\"); } return call && (typeof call === \\"object\\" || typeof call === \\"function\\") ? call : self; }

function _inherits(subClass, superClass) { if (typeof superClass !== \\"function\\" && superClass !== null) { throw new TypeError(\\"Super expression must either be null or a function, not \\" + typeof superClass); } subClass.prototype = Object.create(superClass && superClass.prototype, { constructor: { value: subClass, enumerable: false, writable: true, configurable: true } }); if (superClass) Object.setPrototypeOf ? Object.setPrototypeOf(subClass, superClass) : subClass.__proto__ = superClass; }

var ArrayTest = function (_React$Component) {
  _inherits(ArrayTest, _React$Component);

  function ArrayTest() {
    _classCallCheck(this, ArrayTest);

    return _possibleConstructorReturn(this, (ArrayTest.__proto__ || Object.getPrototypeOf(ArrayTest)).apply(this, arguments));
  }

  return ArrayTest;
}(_react2.default.Component);

ArrayTest.propTypes = {
  foo: _propTypes2.default.arrayOf(_propTypes2.default.number.isRequired).isRequired
};
exports.default = ArrayTest;"
`;
