// Jest Snapshot v1, https://goo.gl/fbAQLP

exports[`import-imported-clash 1`] = `
"'use strict';

var _foo = require('./foo');

var _bar = require('./bar');

var _propTypes = require('prop-types');

var _propTypes2 = _interopRequireDefault(_propTypes);

function _interopRequireDefault(obj) { return obj && obj.__esModule ? obj : { default: obj }; }

function _classCallCheck(instance, Constructor) { if (!(instance instanceof Constructor)) { throw new TypeError(\\"Cannot call a class as a function\\"); } }

function _possibleConstructorReturn(self, call) { if (!self) { throw new ReferenceError(\\"this hasn't been initialised - super() hasn't been called\\"); } return call && (typeof call === \\"object\\" || typeof call === \\"function\\") ? call : self; }

function _inherits(subClass, superClass) { if (typeof superClass !== \\"function\\" && superClass !== null) { throw new TypeError(\\"Super expression must either be null or a function, not \\" + typeof superClass); } subClass.prototype = Object.create(superClass && superClass.prototype, { constructor: { value: subClass, enumerable: false, writable: true, configurable: true } }); if (superClass) Object.setPrototypeOf ? Object.setPrototypeOf(subClass, superClass) : subClass.__proto__ = superClass; }

var C = function (_React$Component) {
  _inherits(C, _React$Component);

  function C() {
    _classCallCheck(this, C);

    return _possibleConstructorReturn(this, (C.__proto__ || Object.getPrototypeOf(C)).apply(this, arguments));
  }

  return C;
}(React.Component);

C.propTypes = {
  foo: function foo() {
    return (typeof _foo.bpfrpt_proptype_Foo === 'function' ? _foo.bpfrpt_proptype_Foo.isRequired ? _foo.bpfrpt_proptype_Foo.isRequired : _foo.bpfrpt_proptype_Foo : _propTypes2.default.shape(_foo.bpfrpt_proptype_Foo).isRequired).apply(this, arguments);
  },
  bar: function bar() {
    return (typeof _bar.bpfrpt_proptype_Foo === 'function' ? _bar.bpfrpt_proptype_Foo.isRequired ? _bar.bpfrpt_proptype_Foo.isRequired : _bar.bpfrpt_proptype_Foo : _propTypes2.default.shape(_bar.bpfrpt_proptype_Foo).isRequired).apply(this, arguments);
  }
};
;"
`;
