// Jest Snapshot v1, https://goo.gl/fbAQLP

exports[`object-props 1`] = `
"\\"use strict\\";

var Component = function Component(props) {
  return React.createElement(\\"div\\", null);
};"
`;
