// Jest Snapshot v1, https://goo.gl/fbAQLP

exports[`optional-default-props-class-merge-test 1`] = `
"'use strict';

Object.defineProperty(exports, \\"__esModule\\", {
  value: true
});

var _createClass = function () { function defineProperties(target, props) { for (var i = 0; i < props.length; i++) { var descriptor = props[i]; descriptor.enumerable = descriptor.enumerable || false; descriptor.configurable = true; if (\\"value\\" in descriptor) descriptor.writable = true; Object.defineProperty(target, descriptor.key, descriptor); } } return function (Constructor, protoProps, staticProps) { if (protoProps) defineProperties(Constructor.prototype, protoProps); if (staticProps) defineProperties(Constructor, staticProps); return Constructor; }; }();

var _propTypes = require('prop-types');

var _propTypes2 = _interopRequireDefault(_propTypes);

function _interopRequireDefault(obj) { return obj && obj.__esModule ? obj : { default: obj }; }

function _classCallCheck(instance, Constructor) { if (!(instance instanceof Constructor)) { throw new TypeError(\\"Cannot call a class as a function\\"); } }

function _possibleConstructorReturn(self, call) { if (!self) { throw new ReferenceError(\\"this hasn't been initialised - super() hasn't been called\\"); } return call && (typeof call === \\"object\\" || typeof call === \\"function\\") ? call : self; }

function _inherits(subClass, superClass) { if (typeof superClass !== \\"function\\" && superClass !== null) { throw new TypeError(\\"Super expression must either be null or a function, not \\" + typeof superClass); } subClass.prototype = Object.create(superClass && superClass.prototype, { constructor: { value: subClass, enumerable: false, writable: true, configurable: true } }); if (superClass) Object.setPrototypeOf ? Object.setPrototypeOf(subClass, superClass) : subClass.__proto__ = superClass; }

var React = require('react');
var PropTypes = require('prop-types');

var Foo = function (_React$Component) {
  _inherits(Foo, _React$Component);

  function Foo() {
    _classCallCheck(this, Foo);

    return _possibleConstructorReturn(this, (Foo.__proto__ || Object.getPrototypeOf(Foo)).apply(this, arguments));
  }

  _createClass(Foo, [{
    key: 'render',
    value: function render() {
      return React.createElement(
        'div',
        null,
        this.props.a,
        this.props.b,
        this.props.c
      );
    }
  }]);

  return Foo;
}(React.Component);

Foo.defaultProps = {
  a: 7
};
Foo.propTypes = {
  a: _propTypes2.default.string,
  b: _propTypes2.default.number.isRequired,
  c: _propTypes2.default.string.isRequired
};
exports.default = Foo;"
`;
