exports[`test intersection-with-imported-object-generates-warnings 1`] = `
Array [
  Array [
    "Warning: Failed prop type: The prop \`baz\` is marked as required in \`C\`, but its value is \`undefined\`.
    in C",
  ],
  Array [
    "Warning: Failed prop type: The prop \`foo\` is marked as required in \`C\`, but its value is \`undefined\`.
    in C",
  ],
  Array [
    "Warning: Failed prop type: The prop \`bar\` is marked as required in \`C\`, but its value is \`undefined\`.
    in C",
  ],
]
`;
