// Jest Snapshot v1, https://goo.gl/fbAQLP

exports[`stateless-inline-imports 1`] = `
"\\"use strict\\";

var _react = _interopRequireDefault(require(\\"react\\"));

var _types = require(\\"../types\\");

var _propTypes = _interopRequireDefault(require(\\"prop-types\\"));

function _interopRequireDefault(obj) { return obj && obj.__esModule ? obj : { \\"default\\": obj }; }

var C = function C(props) {
  /*#__PURE__*/
  _react[\\"default\\"].createElement(\\"div\\", null, props.name);
};

C.propTypes = _types.bpfrpt_proptype_T === _propTypes[\\"default\\"].any ? {} : _types.bpfrpt_proptype_T;"
`;
