// Jest Snapshot v1, https://goo.gl/fbAQLP

exports[`stateless-without-jsx 1`] = `
"'use strict';

Object.defineProperty(exports, \\"__esModule\\", {
  value: true
});

var React = require('react');

var Foo = function Foo(props) {
  React.createElement('div', null, props.x);
};

Foo.propTypes = {
  x: require('prop-types').number
};
exports.default = Foo;"
`;
