// Jest Snapshot v1, https://goo.gl/fbAQLP

exports[`string-literal-property 1`] = `
"'use strict';

var babelPluginFlowReactPropTypes_proptype_T = {
  \\"read-only\\": require('prop-types').oneOf([true]).isRequired,
  regular: require('prop-types').oneOf([true]).isRequired
};
if (typeof exports !== 'undefined') Object.defineProperty(exports, 'babelPluginFlowReactPropTypes_proptype_T', {
  value: babelPluginFlowReactPropTypes_proptype_T,
  configurable: true,
  enumerable: true
});"
`;
